// Vitest Snapshot v1, https://vitest.dev/guide/snapshot.html

exports[`RoomView > Snapshots > should match snapshot for empty room 1`] = `<div />`;

exports[`RoomView > Snapshots > should match snapshot for non-joined room 1`] = `
<div>
  <div
    class="flex flex-1 min-h-0 relative"
  >
    <div
      class="flex flex-col flex-1 min-w-0"
    >
      <header
        class="h-14  px-4 flex items-center border-b border-fluux-bg shadow-sm gap-3"
      >
        <div
          class="w-9 h-9 rounded-full flex items-center justify-center flex-shrink-0"
          style="background-color: rgb(74, 144, 217);"
        >
          <span
            data-testid="icon-hash"
          >
            Hash
          </span>
        </div>
        <div
          class="flex-1 min-w-0"
        >
          <h2
            class="font-semibold text-fluux-text truncate leading-tight"
          >
            Test Room
          </h2>
          <p
            class="text-xs text-fluux-muted truncate"
          >
            room@conference.example.com
          </p>
        </div>
        <div
          class="relative"
        >
          <div
            class="inline-flex"
          >
            <button
              aria-label="rooms.notificationSettings"
              class="flex items-center gap-1 px-2 py-1.5 rounded-lg transition-colors
                       hover:bg-fluux-hover text-fluux-muted hover:text-fluux-text"
            >
              <span
                data-testid="icon-bell-off"
              >
                BellOff
              </span>
              <span
                data-testid="icon-chevron-down"
              >
                ChevronDown
              </span>
            </button>
          </div>
        </div>
        <div
          class="inline-flex"
        >
          <button
            aria-label="rooms.inviteMember"
            class="p-1.5 rounded-lg hover:bg-fluux-hover text-fluux-muted hover:text-fluux-text transition-colors"
          >
            <span
              data-testid="icon-user-plus"
            >
              UserPlus
            </span>
          </button>
        </div>
        <div
          class="inline-flex"
        >
          <button
            aria-label="rooms.showMembers"
            class="flex items-center gap-1.5 px-3 py-1.5 rounded-lg transition-colors
                     hover:bg-fluux-hover text-fluux-muted hover:text-fluux-text"
          >
            <span
              data-testid="icon-users"
            >
              Users
            </span>
            <span
              class="text-sm font-medium"
            >
              0
            </span>
            <span
              data-testid="icon-chevron-right"
            >
              ChevronRight
            </span>
          </button>
        </div>
      </header>
      <div
        class="focus-zone flex-1 flex flex-col min-h-0 p-1"
        tabindex="0"
      >
        <div
          class="relative flex-1 flex flex-col min-h-0"
        >
          <div
            class="flex-1 overflow-y-auto overflow-x-hidden px-4 pt-4 pb-0 overscroll-contain"
            data-message-list="true"
            style="overflow-anchor: auto;"
          >
            <div
              class="flex-1 flex flex-col items-center justify-center text-fluux-muted gap-2"
            >
              <div
                class="flex items-center gap-2 text-amber-600 dark:text-amber-400 mb-2"
              >
                <span
                  data-testid="icon-alert"
                >
                  Alert
                </span>
                <span
                  class="text-sm"
                >
                  rooms.notJoinedNoHistory
                </span>
              </div>
              <p>
                rooms.joinToLoadHistory
              </p>
            </div>
          </div>
        </div>
      </div>
      <div
        class="p-4 border-t border-fluux-hover"
      >
        <button
          class="w-full flex items-center justify-center gap-2 px-4 py-3 bg-fluux-brand hover:bg-fluux-brand/90
                   disabled:opacity-50 disabled:cursor-not-allowed text-white rounded-lg font-medium transition-colors"
        >
          <span
            data-testid="icon-login"
          >
            LogIn
          </span>
          rooms.joinToParticipate
        </button>
      </div>
    </div>
  </div>
</div>
`;
